error[E1001]: type mismatch
   ,-> Test/fixtures/diagnostics/implicitsGhostView.soma:14:21
   |
13 |
14 | def x : Int32 := id "hello"
   |                     ------- cannot unify `String` with `?m2`
   |
   ,-> <expected at 14:21>:1:1
   |
 1 | String
   | ------ expected type
   |
   ,-> <actual at 14:21>:1:1
   |
 1 | ?m2
   | --- actual type
   |
   = note: The types `String` and `?m2` have incompatible structure and cannot be unified.
   = help: add type annotations to help the compiler infer types
   = type mismatch:
       expected: String
         actual: ?m2
   = unify trace:
       (no steps recorded)