error[E1017]: could not infer a type here
  ,-> Test/fixtures/diagnostics/unsolvedMetaGoal.soma:9:1
  |
8 |
9 | def f (x : Int32) := id id
  | -------------------------- expected a value of type `Type`
  |
  ,-> <expected at 9:1>:1:1
  |
1 | Type
  | ---- expected type
  |
  = help: add a type annotation to help inference
  = metavar origins:
      (no related constraints)